Archive member included to satisfy reference by file (symbol)

c:/iti intake 42/turkey/tools/arm gcc/bin/../lib/gcc/arm-none-eabi/5.4.1/../../../../arm-none-eabi/lib/armv7e-m\libg_nano.a(lib_a-errno.o)
                              ./system/src/newlib/_sbrk.o (__errno)
c:/iti intake 42/turkey/tools/arm gcc/bin/../lib/gcc/arm-none-eabi/5.4.1/../../../../arm-none-eabi/lib/armv7e-m\libg_nano.a(lib_a-impure.o)
                              c:/iti intake 42/turkey/tools/arm gcc/bin/../lib/gcc/arm-none-eabi/5.4.1/../../../../arm-none-eabi/lib/armv7e-m\libg_nano.a(lib_a-errno.o) (_impure_ptr)
c:/iti intake 42/turkey/tools/arm gcc/bin/../lib/gcc/arm-none-eabi/5.4.1/../../../../arm-none-eabi/lib/armv7e-m\libg_nano.a(lib_a-strlen.o)
                              ./system/src/diag/Trace.o (strlen)
c:/iti intake 42/turkey/tools/arm gcc/bin/../lib/gcc/arm-none-eabi/5.4.1/../../../../arm-none-eabi/lib/armv7e-m\libg_nano.a(lib_a-vsnprintf.o)
                              ./system/src/diag/Trace.o (vsnprintf)
c:/iti intake 42/turkey/tools/arm gcc/bin/../lib/gcc/arm-none-eabi/5.4.1/../../../../arm-none-eabi/lib/armv7e-m\libg_nano.a(lib_a-nano-svfprintf.o)
                              c:/iti intake 42/turkey/tools/arm gcc/bin/../lib/gcc/arm-none-eabi/5.4.1/../../../../arm-none-eabi/lib/armv7e-m\libg_nano.a(lib_a-vsnprintf.o) (_svfprintf_r)
c:/iti intake 42/turkey/tools/arm gcc/bin/../lib/gcc/arm-none-eabi/5.4.1/../../../../arm-none-eabi/lib/armv7e-m\libg_nano.a(lib_a-nano-vfprintf_i.o)
                              c:/iti intake 42/turkey/tools/arm gcc/bin/../lib/gcc/arm-none-eabi/5.4.1/../../../../arm-none-eabi/lib/armv7e-m\libg_nano.a(lib_a-nano-svfprintf.o) (_printf_i)
c:/iti intake 42/turkey/tools/arm gcc/bin/../lib/gcc/arm-none-eabi/5.4.1/../../../../arm-none-eabi/lib/armv7e-m\libg_nano.a(lib_a-memchr.o)
                              c:/iti intake 42/turkey/tools/arm gcc/bin/../lib/gcc/arm-none-eabi/5.4.1/../../../../arm-none-eabi/lib/armv7e-m\libg_nano.a(lib_a-nano-svfprintf.o) (memchr)
c:/iti intake 42/turkey/tools/arm gcc/bin/../lib/gcc/arm-none-eabi/5.4.1/../../../../arm-none-eabi/lib/armv7e-m\libg_nano.a(lib_a-memcpy-stub.o)
                              c:/iti intake 42/turkey/tools/arm gcc/bin/../lib/gcc/arm-none-eabi/5.4.1/../../../../arm-none-eabi/lib/armv7e-m\libg_nano.a(lib_a-nano-svfprintf.o) (memcpy)
c:/iti intake 42/turkey/tools/arm gcc/bin/../lib/gcc/arm-none-eabi/5.4.1/../../../../arm-none-eabi/lib/armv7e-m\libg_nano.a(lib_a-memmove.o)
                              c:/iti intake 42/turkey/tools/arm gcc/bin/../lib/gcc/arm-none-eabi/5.4.1/../../../../arm-none-eabi/lib/armv7e-m\libg_nano.a(lib_a-nano-svfprintf.o) (memmove)
c:/iti intake 42/turkey/tools/arm gcc/bin/../lib/gcc/arm-none-eabi/5.4.1/../../../../arm-none-eabi/lib/armv7e-m\libg_nano.a(lib_a-nano-freer.o)
                              c:/iti intake 42/turkey/tools/arm gcc/bin/../lib/gcc/arm-none-eabi/5.4.1/../../../../arm-none-eabi/lib/armv7e-m\libg_nano.a(lib_a-nano-svfprintf.o) (_free_r)
c:/iti intake 42/turkey/tools/arm gcc/bin/../lib/gcc/arm-none-eabi/5.4.1/../../../../arm-none-eabi/lib/armv7e-m\libg_nano.a(lib_a-nano-mallocr.o)
                              c:/iti intake 42/turkey/tools/arm gcc/bin/../lib/gcc/arm-none-eabi/5.4.1/../../../../arm-none-eabi/lib/armv7e-m\libg_nano.a(lib_a-nano-svfprintf.o) (_malloc_r)
c:/iti intake 42/turkey/tools/arm gcc/bin/../lib/gcc/arm-none-eabi/5.4.1/../../../../arm-none-eabi/lib/armv7e-m\libg_nano.a(lib_a-nano-reallocr.o)
                              c:/iti intake 42/turkey/tools/arm gcc/bin/../lib/gcc/arm-none-eabi/5.4.1/../../../../arm-none-eabi/lib/armv7e-m\libg_nano.a(lib_a-nano-svfprintf.o) (_realloc_r)
c:/iti intake 42/turkey/tools/arm gcc/bin/../lib/gcc/arm-none-eabi/5.4.1/../../../../arm-none-eabi/lib/armv7e-m\libg_nano.a(lib_a-sbrkr.o)
                              c:/iti intake 42/turkey/tools/arm gcc/bin/../lib/gcc/arm-none-eabi/5.4.1/../../../../arm-none-eabi/lib/armv7e-m\libg_nano.a(lib_a-nano-mallocr.o) (_sbrk_r)
c:/iti intake 42/turkey/tools/arm gcc/bin/../lib/gcc/arm-none-eabi/5.4.1/../../../../arm-none-eabi/lib/armv7e-m\libg_nano.a(lib_a-mlock.o)
                              c:/iti intake 42/turkey/tools/arm gcc/bin/../lib/gcc/arm-none-eabi/5.4.1/../../../../arm-none-eabi/lib/armv7e-m\libg_nano.a(lib_a-nano-freer.o) (__malloc_lock)
c:/iti intake 42/turkey/tools/arm gcc/bin/../lib/gcc/arm-none-eabi/5.4.1/../../../../arm-none-eabi/lib/armv7e-m\libg_nano.a(lib_a-nano-msizer.o)
                              c:/iti intake 42/turkey/tools/arm gcc/bin/../lib/gcc/arm-none-eabi/5.4.1/../../../../arm-none-eabi/lib/armv7e-m\libg_nano.a(lib_a-nano-reallocr.o) (_malloc_usable_size_r)

Allocating common symbols
Common symbol       size              file

errno               0x4               ./system/src/newlib/_syscalls.o
uwTick              0x4               ./system/src/stm32f4-hal/stm32f4xx_hal.o
pFlash              0x20              ./system/src/stm32f4-hal/stm32f4xx_hal_flash.o

[...]
Memory Configuration

Name             Origin             Length             Attributes
RAM              0x20000000         0x00020000         xrw
CCMRAM           0x10000000         0x00010000         xrw
FLASH            0x08000000         0x00040000         xr
FLASHB1          0x00000000         0x00000000         xr
EXTMEMB0         0x00000000         0x00000000         xr
EXTMEMB1         0x00000000         0x00000000         xr
EXTMEMB2         0x00000000         0x00000000         xr
EXTMEMB3         0x00000000         0x00000000         xr
MEMORY_ARRAY     0x20002000         0x00000020         xrw
*default*        0x00000000         0xffffffff

Linker script and memory map

LOAD ./system/src/stm32f4-hal/stm32f4xx_hal.o
LOAD ./system/src/stm32f4-hal/stm32f4xx_hal_cortex.o
LOAD ./system/src/stm32f4-hal/stm32f4xx_hal_dfsdm.o
LOAD ./system/src/stm32f4-hal/stm32f4xx_hal_flash.o
LOAD ./system/src/stm32f4-hal/stm32f4xx_hal_flash_ex.o
LOAD ./system/src/stm32f4-hal/stm32f4xx_hal_flash_ramfunc.o
LOAD ./system/src/stm32f4-hal/stm32f4xx_hal_gpio.o
LOAD ./system/src/stm32f4-hal/stm32f4xx_hal_iwdg.o
LOAD ./system/src/stm32f4-hal/stm32f4xx_hal_pwr.o
LOAD ./system/src/stm32f4-hal/stm32f4xx_hal_rcc.o
LOAD ./system/src/newlib/_cxx.o
LOAD ./system/src/newlib/_exit.o
LOAD ./system/src/newlib/_sbrk.o
LOAD ./system/src/newlib/_startup.o
LOAD ./system/src/newlib/_syscalls.o
LOAD ./system/src/newlib/assert.o
LOAD ./system/src/diag/Trace.o
LOAD ./system/src/diag/trace_impl.o
LOAD ./system/src/cortexm/_initialize_hardware.o
LOAD ./system/src/cortexm/_reset_hardware.o
LOAD ./system/src/cortexm/exception_handlers.o
LOAD ./system/src/cmsis/system_stm32f4xx.o
LOAD ./system/src/cmsis/vectors_stm32f407xx.o
LOAD ./src/RCC_program.o
LOAD ./src/main.o
LOAD c:/iti intake 42/turkey/tools/arm gcc/bin/../lib/gcc/arm-none-eabi/5.4.1/../../../../arm-none-eabi/lib/armv7e-m\libstdc++_nano.a
LOAD c:/iti intake 42/turkey/tools/arm gcc/bin/../lib/gcc/arm-none-eabi/5.4.1/../../../../arm-none-eabi/lib/armv7e-m\libm.a
START GROUP
LOAD c:/iti intake 42/turkey/tools/arm gcc/bin/../lib/gcc/arm-none-eabi/5.4.1/armv7e-m\libgcc.a
LOAD c:/iti intake 42/turkey/tools/arm gcc/bin/../lib/gcc/arm-none-eabi/5.4.1/../../../../arm-none-eabi/lib/armv7e-m\libg_nano.a
LOAD c:/iti intake 42/turkey/tools/arm gcc/bin/../lib/gcc/arm-none-eabi/5.4.1/../../../../arm-none-eabi/lib/armv7e-m\libc_nano.a
END GROUP
START GROUP
LOAD c:/iti intake 42/turkey/tools/arm gcc/bin/../lib/gcc/arm-none-eabi/5.4.1/armv7e-m\libgcc.a
LOAD c:/iti intake 42/turkey/tools/arm gcc/bin/../lib/gcc/arm-none-eabi/5.4.1/../../../../arm-none-eabi/lib/armv7e-m\libc_nano.a
END GROUP
                0x20020000                __stack = (ORIGIN (RAM) + LENGTH (RAM))
                0x20020000                _estack = __stack
                0x00000400                __Main_Stack_Size = 0x400
                [!provide]                PROVIDE (_Main_Stack_Size, __Main_Stack_Size)
                0x2001fc00                __Main_Stack_Limit = (__stack - __Main_Stack_Size)
                [!provide]                PROVIDE (_Main_Stack_Limit, __Main_Stack_Limit)
                0x00000100                _Minimum_Stack_Size = 0x100
                0x20000114                PROVIDE (_Heap_Begin, _end_noinit)
                0x2001fc00                PROVIDE (_Heap_Limit, (__stack - __Main_Stack_Size))

.isr_vector     0x08000000      0x3ec
 FILL mask 0xff
                0x08000000                __vectors_start = ABSOLUTE (.)
                0x08000000                __vectors_start__ = ABSOLUTE (.)
 *(.isr_vector)
 .isr_vector    0x08000000      0x188 ./system/src/cmsis/vectors_stm32f407xx.o
                0x08000000                __isr_vectors
 *(.cfmconfig)
 *(.after_vectors .after_vectors.*)
 .after_vectors
                0x08000188      0x130 ./system/src/newlib/_startup.o
                0x08000188                _start
 .after_vectors
                0x080002b8      0x130 ./system/src/cortexm/exception_handlers.o
                0x080002b8                Reset_Handler
                0x080002c0                NMI_Handler
                0x080002c4                HardFault_Handler
                0x080002d8                HardFault_Handler_C
                0x08000338                MemManage_Handler
                0x0800033c                BusFault_Handler
                0x08000350                BusFault_Handler_C
                0x08000384                UsageFault_Handler
                0x08000398                UsageFault_Handler_C
                0x080003cc                SVC_Handler
                0x080003d0                DebugMon_Handler
                0x080003d4                PendSV_Handler
                0x080003d8                SysTick_Handler
 .after_vectors
                0x080003e8        0x4 ./system/src/cmsis/vectors_stm32f407xx.o
                0x080003e8                RTC_Alarm_IRQHandler
                0x080003e8                HASH_RNG_IRQHandler
                0x080003e8                EXTI2_IRQHandler
                0x080003e8                TIM8_CC_IRQHandler
                0x080003e8                TIM1_CC_IRQHandler
                0x080003e8                DMA2_Stream5_IRQHandler
                0x080003e8                DMA1_Stream5_IRQHandler
                0x080003e8                PVD_IRQHandler
                0x080003e8                SDIO_IRQHandler
                0x080003e8                TAMP_STAMP_IRQHandler
                0x080003e8                CAN2_RX1_IRQHandler
                0x080003e8                EXTI3_IRQHandler
                0x080003e8                TIM8_TRG_COM_TIM14_IRQHandler
                0x080003e8                TIM1_UP_TIM10_IRQHandler
                0x080003e8                TIM8_UP_TIM13_IRQHandler
                0x080003e8                I2C3_ER_IRQHandler
                0x080003e8                EXTI0_IRQHandler
                0x080003e8                I2C2_EV_IRQHandler
                0x080003e8                DMA1_Stream2_IRQHandler
                0x080003e8                CAN1_RX0_IRQHandler
                0x080003e8                FPU_IRQHandler
                0x080003e8                OTG_HS_WKUP_IRQHandler
                0x080003e8                CAN2_SCE_IRQHandler
                0x080003e8                DMA2_Stream2_IRQHandler
                0x080003e8                SPI1_IRQHandler
                0x080003e8                TIM6_DAC_IRQHandler
                0x080003e8                TIM1_BRK_TIM9_IRQHandler
                0x080003e8                DCMI_IRQHandler
                0x080003e8                CAN2_RX0_IRQHandler
                0x080003e8                DMA2_Stream3_IRQHandler
                0x080003e8                USART6_IRQHandler
                0x080003e8                USART3_IRQHandler
                0x080003e8                CAN1_RX1_IRQHandler
                0x080003e8                UART5_IRQHandler
                0x080003e8                DMA2_Stream0_IRQHandler
                0x080003e8                TIM4_IRQHandler
                0x080003e8                I2C1_EV_IRQHandler
                0x080003e8                DMA1_Stream6_IRQHandler
                0x080003e8                DMA1_Stream1_IRQHandler
                0x080003e8                UART4_IRQHandler
                0x080003e8                TIM3_IRQHandler
                0x080003e8                RCC_IRQHandler
                0x080003e8                TIM8_BRK_TIM12_IRQHandler
                0x080003e8                Default_Handler
                0x080003e8                EXTI15_10_IRQHandler
                0x080003e8                ADC_IRQHandler
                0x080003e8                DMA1_Stream7_IRQHandler
                0x080003e8                TIM7_IRQHandler
                0x080003e8                CAN2_TX_IRQHandler
                0x080003e8                TIM5_IRQHandler
                0x080003e8                DMA2_Stream7_IRQHandler
                0x080003e8                I2C3_EV_IRQHandler
                0x080003e8                EXTI9_5_IRQHandler
                0x080003e8                RTC_WKUP_IRQHandler
                0x080003e8                ETH_WKUP_IRQHandler
                0x080003e8                SPI2_IRQHandler
                0x080003e8                OTG_HS_EP1_IN_IRQHandler
                0x080003e8                DMA1_Stream0_IRQHandler
                0x080003e8                CAN1_TX_IRQHandler
                0x080003e8                EXTI4_IRQHandler
                0x080003e8                ETH_IRQHandler
                0x080003e8                OTG_HS_EP1_OUT_IRQHandler
                0x080003e8                WWDG_IRQHandler
                0x080003e8                TIM2_IRQHandler
                0x080003e8                OTG_FS_WKUP_IRQHandler
                0x080003e8                TIM1_TRG_COM_TIM11_IRQHandler
                0x080003e8                OTG_HS_IRQHandler
                0x080003e8                EXTI1_IRQHandler
                0x080003e8                USART2_IRQHandler
                0x080003e8                I2C2_ER_IRQHandler
                0x080003e8                DMA2_Stream1_IRQHandler
                0x080003e8                CAN1_SCE_IRQHandler
                0x080003e8                FLASH_IRQHandler
                0x080003e8                DMA2_Stream4_IRQHandler
                0x080003e8                USART1_IRQHandler
                0x080003e8                OTG_FS_IRQHandler
                0x080003e8                SPI3_IRQHandler
                0x080003e8                DMA1_Stream4_IRQHandler
                0x080003e8                I2C1_ER_IRQHandler
                0x080003e8                FMC_IRQHandler
                0x080003e8                DMA2_Stream6_IRQHandler
                0x080003e8                DMA1_Stream3_IRQHandler

.inits          0x080003ec       0x28
                0x080003ec                __data_regions_array_start = .
                0x080003ec        0x4 LONG 0x80011d4 LOADADDR (.data)
                0x080003f0        0x4 LONG 0x20000000 ADDR (.data)
                0x080003f4        0x4 LONG 0x20000078 (ADDR (.data) + SIZEOF (.data))
                0x080003f8        0x4 LONG 0x80011d4 LOADADDR (.data_CCMRAM)
                0x080003fc        0x4 LONG 0x10000000 ADDR (.data_CCMRAM)
                0x08000400        0x4 LONG 0x10000000 (ADDR (.data_CCMRAM) + SIZEOF (.data_CCMRAM))
                0x08000404                __data_regions_array_end = .
                0x08000404                __bss_regions_array_start = .
                0x08000404        0x4 LONG 0x20000078 ADDR (.bss)
                0x08000408        0x4 LONG 0x20000114 (ADDR (.bss) + SIZEOF (.bss))
                0x0800040c        0x4 LONG 0x10000000 ADDR (.bss_CCMRAM)
                0x08000410        0x4 LONG 0x10000000 (ADDR (.bss_CCMRAM) + SIZEOF (.bss_CCMRAM))
                0x08000414                __bss_regions_array_end = .
 *(.init)
 *(.fini)
                0x08000414                . = ALIGN (0x4)
                0x08000414                PROVIDE (__preinit_array_start, .)
 *(.preinit_array_sysinit .preinit_array_sysinit.*)
 *(.preinit_array_platform .preinit_array_platform.*)
 *(.preinit_array .preinit_array.*)
                0x08000414                PROVIDE (__preinit_array_end, .)
                0x08000414                . = ALIGN (0x4)
                0x08000414                PROVIDE (__init_array_start, .)
 *(SORT(.init_array.*))
 *(.init_array)
                0x08000414                PROVIDE (__init_array_end, .)
                0x08000414                . = ALIGN (0x4)
                0x08000414                PROVIDE (__fini_array_start, .)
 *(SORT(.fini_array.*))
 *(.fini_array)
                0x08000414                PROVIDE (__fini_array_end, .)

.flashtext
 *(.flashtext .flashtext.*)

.text           0x08000420      0xdb3
 *(.text .text.*)
 .text._exit    0x08000420        0x4 ./system/src/newlib/_exit.o
                0x08000420                _exit
 .text._sbrk    0x08000424       0x44 ./system/src/newlib/_sbrk.o
                0x08000424                _sbrk
 .text.__initialize_args
                0x08000468       0x10 ./system/src/newlib/_syscalls.o
                0x08000468                __initialize_args
 .text.trace_printf
                0x08000478       0x30 ./system/src/diag/Trace.o
                0x08000478                trace_printf
 .text._trace_write_semihosting_debug
                0x080004a8       0x64 ./system/src/diag/trace_impl.o
 .text.trace_write
                0x0800050c        0x8 ./system/src/diag/trace_impl.o
                0x0800050c                trace_write
 .text.__initialize_hardware_early
                0x08000514       0x18 ./system/src/cortexm/_initialize_hardware.o
                0x08000514                __initialize_hardware_early
 .text.__initialize_hardware
                0x0800052c        0x8 ./system/src/cortexm/_initialize_hardware.o
                0x0800052c                __initialize_hardware
 .text.dumpExceptionStack
                0x08000534       0xf0 ./system/src/cortexm/exception_handlers.o
                0x08000534                dumpExceptionStack
 .text.isSemihosting
                0x08000624       0x20 ./system/src/cortexm/exception_handlers.o
                0x08000624                isSemihosting
 .text.SystemInit
                0x08000644       0x40 ./system/src/cmsis/system_stm32f4xx.o
                0x08000644                SystemInit
 .text.SystemCoreClockUpdate
                0x08000684       0xa0 ./system/src/cmsis/system_stm32f4xx.o
                0x08000684                SystemCoreClockUpdate
 .text.main     0x08000724        0x4 ./src/main.o
                0x08000724                main
 .text.__errno  0x08000728        0xc c:/iti intake 42/turkey/tools/arm gcc/bin/../lib/gcc/arm-none-eabi/5.4.1/../../../../arm-none-eabi/lib/armv7e-m\libg_nano.a(lib_a-errno.o)
                0x08000728                __errno
 .text._vsnprintf_r
                0x08000734       0x56 c:/iti intake 42/turkey/tools/arm gcc/bin/../lib/gcc/arm-none-eabi/5.4.1/../../../../arm-none-eabi/lib/armv7e-m\libg_nano.a(lib_a-vsnprintf.o)
                0x08000734                _vsniprintf_r
                0x08000734                _vsnprintf_r
 *fill*         0x0800078a        0x2 
 .text.vsnprintf
                0x0800078c       0x1c c:/iti intake 42/turkey/tools/arm gcc/bin/../lib/gcc/arm-none-eabi/5.4.1/../../../../arm-none-eabi/lib/armv7e-m\libg_nano.a(lib_a-vsnprintf.o)
                0x0800078c                vsniprintf
                0x0800078c                vsnprintf
 .text.__ssputs_r
                0x080007a8       0xb2 c:/iti intake 42/turkey/tools/arm gcc/bin/../lib/gcc/arm-none-eabi/5.4.1/../../../../arm-none-eabi/lib/armv7e-m\libg_nano.a(lib_a-nano-svfprintf.o)
                0x080007a8                __ssputs_r
 *fill*         0x0800085a        0x2 
 .text._svfprintf_r
                0x0800085c      0x1e8 c:/iti intake 42/turkey/tools/arm gcc/bin/../lib/gcc/arm-none-eabi/5.4.1/../../../../arm-none-eabi/lib/armv7e-m\libg_nano.a(lib_a-nano-svfprintf.o)
                0x0800085c                _svfiprintf_r
                0x0800085c                _svfprintf_r
 .text._printf_common
                0x08000a44       0xec c:/iti intake 42/turkey/tools/arm gcc/bin/../lib/gcc/arm-none-eabi/5.4.1/../../../../arm-none-eabi/lib/armv7e-m\libg_nano.a(lib_a-nano-vfprintf_i.o)
                0x08000a44                _printf_common
 .text._printf_i
                0x08000b30      0x24c c:/iti intake 42/turkey/tools/arm gcc/bin/../lib/gcc/arm-none-eabi/5.4.1/../../../../arm-none-eabi/lib/armv7e-m\libg_nano.a(lib_a-nano-vfprintf_i.o)
                0x08000b30                _printf_i
 *fill*         0x08000d7c        0x4 
 .text          0x08000d80       0xa0 c:/iti intake 42/turkey/tools/arm gcc/bin/../lib/gcc/arm-none-eabi/5.4.1/../../../../arm-none-eabi/lib/armv7e-m\libg_nano.a(lib_a-memchr.o)
                0x08000d80                memchr
 .text.memcpy   0x08000e20       0x16 c:/iti intake 42/turkey/tools/arm gcc/bin/../lib/gcc/arm-none-eabi/5.4.1/../../../../arm-none-eabi/lib/armv7e-m\libg_nano.a(lib_a-memcpy-stub.o)
                0x08000e20                memcpy
 .text.memmove  0x08000e36       0x36 c:/iti intake 42/turkey/tools/arm gcc/bin/../lib/gcc/arm-none-eabi/5.4.1/../../../../arm-none-eabi/lib/armv7e-m\libg_nano.a(lib_a-memmove.o)
                0x08000e36                memmove
 .text._free_r  0x08000e6c       0x9c c:/iti intake 42/turkey/tools/arm gcc/bin/../lib/gcc/arm-none-eabi/5.4.1/../../../../arm-none-eabi/lib/armv7e-m\libg_nano.a(lib_a-nano-freer.o)
                0x08000e6c                _free_r
 .text._malloc_r
                0x08000f08       0xbc c:/iti intake 42/turkey/tools/arm gcc/bin/../lib/gcc/arm-none-eabi/5.4.1/../../../../arm-none-eabi/lib/armv7e-m\libg_nano.a(lib_a-nano-mallocr.o)
                0x08000f08                _malloc_r
 .text._realloc_r
                0x08000fc4       0x4c c:/iti intake 42/turkey/tools/arm gcc/bin/../lib/gcc/arm-none-eabi/5.4.1/../../../../arm-none-eabi/lib/armv7e-m\libg_nano.a(lib_a-nano-reallocr.o)
                0x08000fc4                _realloc_r
 .text._sbrk_r  0x08001010       0x20 c:/iti intake 42/turkey/tools/arm gcc/bin/../lib/gcc/arm-none-eabi/5.4.1/../../../../arm-none-eabi/lib/armv7e-m\libg_nano.a(lib_a-sbrkr.o)
                0x08001010                _sbrk_r
 .text.__malloc_lock
                0x08001030        0x2 c:/iti intake 42/turkey/tools/arm gcc/bin/../lib/gcc/arm-none-eabi/5.4.1/../../../../arm-none-eabi/lib/armv7e-m\libg_nano.a(lib_a-mlock.o)
                0x08001030                __malloc_lock
 .text.__malloc_unlock
                0x08001032        0x2 c:/iti intake 42/turkey/tools/arm gcc/bin/../lib/gcc/arm-none-eabi/5.4.1/../../../../arm-none-eabi/lib/armv7e-m\libg_nano.a(lib_a-mlock.o)
                0x08001032                __malloc_unlock
 .text._malloc_usable_size_r
                0x08001034       0x14 c:/iti intake 42/turkey/tools/arm gcc/bin/../lib/gcc/arm-none-eabi/5.4.1/../../../../arm-none-eabi/lib/armv7e-m\libg_nano.a(lib_a-nano-msizer.o)
                0x08001034                _malloc_usable_size_r
 *(.rodata .rodata.* .constdata .constdata.*)
 .rodata.str1.4
                0x08001048      0x148 ./system/src/cortexm/exception_handlers.o
                                0x146 (size before relaxing)
 .rodata.AHBPrescTable
                0x08001190       0x10 ./system/src/cmsis/system_stm32f4xx.o
                0x08001190                AHBPrescTable
 .rodata.str1.1
                0x080011a0       0x11 c:/iti intake 42/turkey/tools/arm gcc/bin/../lib/gcc/arm-none-eabi/5.4.1/../../../../arm-none-eabi/lib/armv7e-m\libg_nano.a(lib_a-nano-svfprintf.o)
 .rodata.str1.1
                0x080011b1       0x22 c:/iti intake 42/turkey/tools/arm gcc/bin/../lib/gcc/arm-none-eabi/5.4.1/../../../../arm-none-eabi/lib/armv7e-m\libg_nano.a(lib_a-nano-vfprintf_i.o)
 *(vtable)
 *(.eh_frame*)
 *(.glue_7)
 .glue_7        0x080011d3        0x0 linker stubs
 *(.glue_7t)
 .glue_7t       0x080011d3        0x0 linker stubs

.vfp11_veneer   0x080011d4        0x0
 .vfp11_veneer  0x080011d4        0x0 linker stubs

.v4_bx          0x080011d4        0x0
 .v4_bx         0x080011d4        0x0 linker stubs

.iplt           0x080011d4        0x0
 .iplt          0x080011d4        0x0 ./system/src/stm32f4-hal/stm32f4xx_hal.o

.rel.dyn        0x080011d4        0x0
 .rel.iplt      0x080011d4        0x0 ./system/src/stm32f4-hal/stm32f4xx_hal.o

.ARM.extab
 *(.ARM.extab* .gnu.linkonce.armextab.*)
                0x080011d4                . = ALIGN (0x4)
                0x080011d4                __exidx_start = .

.ARM.exidx
 *(.ARM.exidx* .gnu.linkonce.armexidx.*)
                0x080011d4                __exidx_end = .
                0x080011d4                . = ALIGN (0x4)
                0x080011d4                _etext = .
                0x080011d4                __etext = .

.data_CCMRAM    0x10000000        0x0 load address 0x080011d4
 FILL mask 0xff
 *(.data.CCMRAM .data.CCMRAM.*)
                0x10000000                . = ALIGN (0x4)
                0x080011d4                _sidata = LOADADDR (.data)

.data           0x20000000       0x78 load address 0x080011d4
 FILL mask 0xff
                0x20000000                _sdata = .
                0x20000000                __data_start__ = .
 *(.data_begin .data_begin.*)
 .data_begin    0x20000000        0x4 ./system/src/newlib/_startup.o
 *(.data .data.*)
 .data.argv.4290
                0x20000004        0x8 ./system/src/newlib/_syscalls.o
 .data.SystemCoreClock
                0x2000000c        0x4 ./system/src/cmsis/system_stm32f4xx.o
                0x2000000c                SystemCoreClock
 .data.impure_data
                0x20000010       0x60 c:/iti intake 42/turkey/tools/arm gcc/bin/../lib/gcc/arm-none-eabi/5.4.1/../../../../arm-none-eabi/lib/armv7e-m\libg_nano.a(lib_a-impure.o)
 .data._impure_ptr
                0x20000070        0x4 c:/iti intake 42/turkey/tools/arm gcc/bin/../lib/gcc/arm-none-eabi/5.4.1/../../../../arm-none-eabi/lib/armv7e-m\libg_nano.a(lib_a-impure.o)
                0x20000070                _impure_ptr
 *(.data_end .data_end.*)
 .data_end      0x20000074        0x4 ./system/src/newlib/_startup.o
                0x20000078                . = ALIGN (0x4)
                0x20000078                _edata = .
                0x20000078                __data_end__ = .

.igot.plt       0x20000078        0x0 load address 0x0800124c
 .igot.plt      0x20000078        0x0 ./system/src/stm32f4-hal/stm32f4xx_hal.o

.bss_CCMRAM     0x10000000        0x0
 *(.bss.CCMRAM .bss.CCMRAM.*)

.bss            0x20000078       0x9c
                0x20000078                __bss_start__ = .
                0x20000078                _sbss = .
 *(.bss_begin .bss_begin.*)
 .bss_begin     0x20000078        0x4 ./system/src/newlib/_startup.o
 *(.bss .bss.*)
 .bss.current_heap_end.3974
                0x2000007c        0x4 ./system/src/newlib/_sbrk.o
 .bss.name.4289
                0x20000080        0x1 ./system/src/newlib/_syscalls.o
 *fill*         0x20000081        0x3 
 .bss.buf.5179  0x20000084       0x80 ./system/src/diag/Trace.o
 .bss.__malloc_sbrk_start
                0x20000104        0x4 c:/iti intake 42/turkey/tools/arm gcc/bin/../lib/gcc/arm-none-eabi/5.4.1/../../../../arm-none-eabi/lib/armv7e-m\libg_nano.a(lib_a-nano-mallocr.o)
                0x20000104                __malloc_sbrk_start
 .bss.__malloc_free_list
                0x20000108        0x4 c:/iti intake 42/turkey/tools/arm gcc/bin/../lib/gcc/arm-none-eabi/5.4.1/../../../../arm-none-eabi/lib/armv7e-m\libg_nano.a(lib_a-nano-mallocr.o)
                0x20000108                __malloc_free_list
 *(COMMON)
 COMMON         0x2000010c        0x4 ./system/src/newlib/_syscalls.o
                0x2000010c                errno
 *(.bss_end .bss_end.*)
 .bss_end       0x20000110        0x4 ./system/src/newlib/_startup.o
                0x20000114                . = ALIGN (0x4)
                0x20000114                __bss_end__ = .
                0x20000114                _ebss = .

.noinit_CCMRAM
 *(.noinit.CCMRAM .noinit.CCMRAM.*)

.noinit         0x20000114        0x0
                0x20000114                _noinit = .
 *(.noinit .noinit.*)
                0x20000114                . = ALIGN (0x4)
                0x20000114                _end_noinit = .
                [!provide]                PROVIDE (end, _end_noinit)
                [!provide]                PROVIDE (_end, _end_noinit)
                [!provide]                PROVIDE (__end, _end_noinit)
                [!provide]                PROVIDE (__end__, _end_noinit)

._check_stack   0x20000114      0x100
                0x20000214                . = (. + _Minimum_Stack_Size)
 *fill*         0x20000114      0x100 

.b1text
 *(.b1text)
 *(.b1rodata)
 *(.b1rodata.*)

.eb0text
 *(.eb0text)
 *(.eb0rodata)
 *(.eb0rodata.*)

.eb1text
 *(.eb1text)
 *(.eb1rodata)
 *(.eb1rodata.*)

.eb2text
 *(.eb2text)
 *(.eb2rodata)
 *(.eb2rodata.*)

.eb3text
 *(.eb3text)
 *(.eb3rodata)
 *(.eb3rodata.*)

.stab
 *(.stab)

.stabstr
 *(.stabstr)

.stab.excl
 *(.stab.excl)

.stab.exclstr
 *(.stab.exclstr)

.stab.index
 *(.stab.index)

.stab.indexstr
 *(.stab.indexstr)

.comment        0x00000000       0x6e
 *(.comment)
 .comment       0x00000000       0x6e ./system/src/newlib/_exit.o
                                 0x6f (size before relaxing)
 .comment       0x0000006e       0x6f ./system/src/newlib/_sbrk.o
 .comment       0x0000006e       0x6f ./system/src/newlib/_startup.o
 .comment       0x0000006e       0x6f ./system/src/newlib/_syscalls.o
 .comment       0x0000006e       0x6f ./system/src/diag/Trace.o
 .comment       0x0000006e       0x6f ./system/src/diag/trace_impl.o
 .comment       0x0000006e       0x6f ./system/src/cortexm/_initialize_hardware.o
 .comment       0x0000006e       0x6f ./system/src/cortexm/exception_handlers.o
 .comment       0x0000006e       0x6f ./system/src/cmsis/system_stm32f4xx.o
 .comment       0x0000006e       0x6f ./system/src/cmsis/vectors_stm32f407xx.o
 .comment       0x0000006e       0x6f ./src/main.o

.ARM.attributes
                0x00000000       0x31
 .ARM.attributes
                0x00000000       0x33 ./system/src/newlib/_exit.o
 .ARM.attributes
                0x00000033       0x33 ./system/src/newlib/_sbrk.o
 .ARM.attributes
                0x00000066       0x33 ./system/src/newlib/_startup.o
 .ARM.attributes
                0x00000099       0x33 ./system/src/newlib/_syscalls.o
 .ARM.attributes
                0x000000cc       0x33 ./system/src/diag/Trace.o
 .ARM.attributes
                0x000000ff       0x33 ./system/src/diag/trace_impl.o
 .ARM.attributes
                0x00000132       0x33 ./system/src/cortexm/_initialize_hardware.o
 .ARM.attributes
                0x00000165       0x33 ./system/src/cortexm/exception_handlers.o
 .ARM.attributes
                0x00000198       0x33 ./system/src/cmsis/system_stm32f4xx.o
 .ARM.attributes
                0x000001cb       0x33 ./system/src/cmsis/vectors_stm32f407xx.o
 .ARM.attributes
                0x000001fe       0x33 ./src/main.o
 .ARM.attributes
                0x00000231       0x2e c:/iti intake 42/turkey/tools/arm gcc/bin/../lib/gcc/arm-none-eabi/5.4.1/../../../../arm-none-eabi/lib/armv7e-m\libg_nano.a(lib_a-errno.o)
 .ARM.attributes
                0x0000025f       0x2e c:/iti intake 42/turkey/tools/arm gcc/bin/../lib/gcc/arm-none-eabi/5.4.1/../../../../arm-none-eabi/lib/armv7e-m\libg_nano.a(lib_a-impure.o)
 .ARM.attributes
                0x0000028d       0x2e c:/iti intake 42/turkey/tools/arm gcc/bin/../lib/gcc/arm-none-eabi/5.4.1/../../../../arm-none-eabi/lib/armv7e-m\libg_nano.a(lib_a-vsnprintf.o)
 .ARM.attributes
                0x000002bb       0x2e c:/iti intake 42/turkey/tools/arm gcc/bin/../lib/gcc/arm-none-eabi/5.4.1/../../../../arm-none-eabi/lib/armv7e-m\libg_nano.a(lib_a-nano-svfprintf.o)
 .ARM.attributes
                0x000002e9       0x2e c:/iti intake 42/turkey/tools/arm gcc/bin/../lib/gcc/arm-none-eabi/5.4.1/../../../../arm-none-eabi/lib/armv7e-m\libg_nano.a(lib_a-nano-vfprintf_i.o)
 .ARM.attributes
                0x00000317       0x1c c:/iti intake 42/turkey/tools/arm gcc/bin/../lib/gcc/arm-none-eabi/5.4.1/../../../../arm-none-eabi/lib/armv7e-m\libg_nano.a(lib_a-memchr.o)
 .ARM.attributes
                0x00000333       0x2e c:/iti intake 42/turkey/tools/arm gcc/bin/../lib/gcc/arm-none-eabi/5.4.1/../../../../arm-none-eabi/lib/armv7e-m\libg_nano.a(lib_a-memcpy-stub.o)
 .ARM.attributes
                0x00000361       0x2e c:/iti intake 42/turkey/tools/arm gcc/bin/../lib/gcc/arm-none-eabi/5.4.1/../../../../arm-none-eabi/lib/armv7e-m\libg_nano.a(lib_a-memmove.o)
 .ARM.attributes
                0x0000038f       0x2e c:/iti intake 42/turkey/tools/arm gcc/bin/../lib/gcc/arm-none-eabi/5.4.1/../../../../arm-none-eabi/lib/armv7e-m\libg_nano.a(lib_a-nano-freer.o)
 .ARM.attributes
                0x000003bd       0x2e c:/iti intake 42/turkey/tools/arm gcc/bin/../lib/gcc/arm-none-eabi/5.4.1/../../../../arm-none-eabi/lib/armv7e-m\libg_nano.a(lib_a-nano-mallocr.o)
 .ARM.attributes
                0x000003eb       0x2e c:/iti intake 42/turkey/tools/arm gcc/bin/../lib/gcc/arm-none-eabi/5.4.1/../../../../arm-none-eabi/lib/armv7e-m\libg_nano.a(lib_a-nano-reallocr.o)
 .ARM.attributes
                0x00000419       0x2e c:/iti intake 42/turkey/tools/arm gcc/bin/../lib/gcc/arm-none-eabi/5.4.1/../../../../arm-none-eabi/lib/armv7e-m\libg_nano.a(lib_a-sbrkr.o)
 .ARM.attributes
                0x00000447       0x2e c:/iti intake 42/turkey/tools/arm gcc/bin/../lib/gcc/arm-none-eabi/5.4.1/../../../../arm-none-eabi/lib/armv7e-m\libg_nano.a(lib_a-mlock.o)
 .ARM.attributes
                0x00000475       0x2e c:/iti intake 42/turkey/tools/arm gcc/bin/../lib/gcc/arm-none-eabi/5.4.1/../../../../arm-none-eabi/lib/armv7e-m\libg_nano.a(lib_a-nano-msizer.o)

.debug
 *(.debug)

.line
 *(.line)

.debug_srcinfo
 *(.debug_srcinfo)

.debug_sfnames
 *(.debug_sfnames)

.debug_aranges  0x00000000      0x240
 *(.debug_aranges)
 .debug_aranges
                0x00000000       0x28 ./system/src/newlib/_exit.o
 .debug_aranges
                0x00000028       0x20 ./system/src/newlib/_sbrk.o
 .debug_aranges
                0x00000048       0x40 ./system/src/newlib/_startup.o
 .debug_aranges
                0x00000088       0x30 ./system/src/newlib/_syscalls.o
 .debug_aranges
                0x000000b8       0x38 ./system/src/diag/Trace.o
 .debug_aranges
                0x000000f0       0x30 ./system/src/diag/trace_impl.o
 .debug_aranges
                0x00000120       0x28 ./system/src/cortexm/_initialize_hardware.o
 .debug_aranges
                0x00000148       0x90 ./system/src/cortexm/exception_handlers.o
 .debug_aranges
                0x000001d8       0x28 ./system/src/cmsis/system_stm32f4xx.o
 .debug_aranges
                0x00000200       0x20 ./system/src/cmsis/vectors_stm32f407xx.o
 .debug_aranges
                0x00000220       0x20 ./src/main.o

.debug_pubnames
 *(.debug_pubnames)

.debug_info     0x00000000     0x2090
 *(.debug_info .gnu.linkonce.wi.*)
 .debug_info    0x00000000       0xef ./system/src/newlib/_exit.o
 .debug_info    0x000000ef      0x11f ./system/src/newlib/_sbrk.o
 .debug_info    0x0000020e      0x4f2 ./system/src/newlib/_startup.o
 .debug_info    0x00000700      0x1c7 ./system/src/newlib/_syscalls.o
 .debug_info    0x000008c7      0x2e7 ./system/src/diag/Trace.o
 .debug_info    0x00000bae      0x30b ./system/src/diag/trace_impl.o
 .debug_info    0x00000eb9      0x2bf ./system/src/cortexm/_initialize_hardware.o
 .debug_info    0x00001178      0x8f4 ./system/src/cortexm/exception_handlers.o
 .debug_info    0x00001a6c      0x4b9 ./system/src/cmsis/system_stm32f4xx.o
 .debug_info    0x00001f25       0xd1 ./system/src/cmsis/vectors_stm32f407xx.o
 .debug_info    0x00001ff6       0x9a ./src/main.o

.debug_abbrev   0x00000000      0xc23
 *(.debug_abbrev)
 .debug_abbrev  0x00000000       0x8e ./system/src/newlib/_exit.o
 .debug_abbrev  0x0000008e       0xb9 ./system/src/newlib/_sbrk.o
 .debug_abbrev  0x00000147      0x1b6 ./system/src/newlib/_startup.o
 .debug_abbrev  0x000002fd       0xec ./system/src/newlib/_syscalls.o
 .debug_abbrev  0x000003e9      0x156 ./system/src/diag/Trace.o
 .debug_abbrev  0x0000053f      0x1c8 ./system/src/diag/trace_impl.o
 .debug_abbrev  0x00000707       0xea ./system/src/cortexm/_initialize_hardware.o
 .debug_abbrev  0x000007f1      0x247 ./system/src/cortexm/exception_handlers.o
 .debug_abbrev  0x00000a38      0x104 ./system/src/cmsis/system_stm32f4xx.o
 .debug_abbrev  0x00000b3c       0x9d ./system/src/cmsis/vectors_stm32f407xx.o
 .debug_abbrev  0x00000bd9       0x4a ./src/main.o

.debug_line     0x00000000     0x3dae
 *(.debug_line)
 .debug_line    0x00000000      0x2f1 ./system/src/newlib/_exit.o
 .debug_line    0x000002f1      0x2a2 ./system/src/newlib/_sbrk.o
 .debug_line    0x00000593      0x36a ./system/src/newlib/_startup.o
 .debug_line    0x000008fd      0x3aa ./system/src/newlib/_syscalls.o
 .debug_line    0x00000ca7      0x35f ./system/src/diag/Trace.o
 .debug_line    0x00001006      0xaaa ./system/src/diag/trace_impl.o
 .debug_line    0x00001ab0      0xa12 ./system/src/cortexm/_initialize_hardware.o
 .debug_line    0x000024c2      0xb48 ./system/src/cortexm/exception_handlers.o
 .debug_line    0x0000300a      0xa12 ./system/src/cmsis/system_stm32f4xx.o
 .debug_line    0x00003a1c       0xf2 ./system/src/cmsis/vectors_stm32f407xx.o
 .debug_line    0x00003b0e      0x2a0 ./src/main.o

.debug_frame    0x00000000      0x6ec
 *(.debug_frame)
 .debug_frame   0x00000000       0x38 ./system/src/newlib/_exit.o
 .debug_frame   0x00000038       0x28 ./system/src/newlib/_sbrk.o
 .debug_frame   0x00000060       0x7c ./system/src/newlib/_startup.o
 .debug_frame   0x000000dc       0x50 ./system/src/newlib/_syscalls.o
 .debug_frame   0x0000012c       0x94 ./system/src/diag/Trace.o
 .debug_frame   0x000001c0       0x60 ./system/src/diag/trace_impl.o
 .debug_frame   0x00000220       0x40 ./system/src/cortexm/_initialize_hardware.o
 .debug_frame   0x00000260      0x158 ./system/src/cortexm/exception_handlers.o
 .debug_frame   0x000003b8       0x30 ./system/src/cmsis/system_stm32f4xx.o
 .debug_frame   0x000003e8       0x20 ./system/src/cmsis/vectors_stm32f407xx.o
 .debug_frame   0x00000408       0x20 ./src/main.o
 .debug_frame   0x00000428       0x20 c:/iti intake 42/turkey/tools/arm gcc/bin/../lib/gcc/arm-none-eabi/5.4.1/../../../../arm-none-eabi/lib/armv7e-m\libg_nano.a(lib_a-errno.o)
 .debug_frame   0x00000448       0x48 c:/iti intake 42/turkey/tools/arm gcc/bin/../lib/gcc/arm-none-eabi/5.4.1/../../../../arm-none-eabi/lib/armv7e-m\libg_nano.a(lib_a-vsnprintf.o)
 .debug_frame   0x00000490       0x90 c:/iti intake 42/turkey/tools/arm gcc/bin/../lib/gcc/arm-none-eabi/5.4.1/../../../../arm-none-eabi/lib/armv7e-m\libg_nano.a(lib_a-nano-svfprintf.o)
 .debug_frame   0x00000520       0x60 c:/iti intake 42/turkey/tools/arm gcc/bin/../lib/gcc/arm-none-eabi/5.4.1/../../../../arm-none-eabi/lib/armv7e-m\libg_nano.a(lib_a-nano-vfprintf_i.o)
 .debug_frame   0x00000580       0x28 c:/iti intake 42/turkey/tools/arm gcc/bin/../lib/gcc/arm-none-eabi/5.4.1/../../../../arm-none-eabi/lib/armv7e-m\libg_nano.a(lib_a-memcpy-stub.o)
 .debug_frame   0x000005a8       0x28 c:/iti intake 42/turkey/tools/arm gcc/bin/../lib/gcc/arm-none-eabi/5.4.1/../../../../arm-none-eabi/lib/armv7e-m\libg_nano.a(lib_a-memmove.o)
 .debug_frame   0x000005d0       0x38 c:/iti intake 42/turkey/tools/arm gcc/bin/../lib/gcc/arm-none-eabi/5.4.1/../../../../arm-none-eabi/lib/armv7e-m\libg_nano.a(lib_a-nano-freer.o)
 .debug_frame   0x00000608       0x2c c:/iti intake 42/turkey/tools/arm gcc/bin/../lib/gcc/arm-none-eabi/5.4.1/../../../../arm-none-eabi/lib/armv7e-m\libg_nano.a(lib_a-nano-mallocr.o)
 .debug_frame   0x00000634       0x3c c:/iti intake 42/turkey/tools/arm gcc/bin/../lib/gcc/arm-none-eabi/5.4.1/../../../../arm-none-eabi/lib/armv7e-m\libg_nano.a(lib_a-nano-reallocr.o)
 .debug_frame   0x00000670       0x2c c:/iti intake 42/turkey/tools/arm gcc/bin/../lib/gcc/arm-none-eabi/5.4.1/../../../../arm-none-eabi/lib/armv7e-m\libg_nano.a(lib_a-sbrkr.o)
 .debug_frame   0x0000069c       0x30 c:/iti intake 42/turkey/tools/arm gcc/bin/../lib/gcc/arm-none-eabi/5.4.1/../../../../arm-none-eabi/lib/armv7e-m\libg_nano.a(lib_a-mlock.o)
 .debug_frame   0x000006cc       0x20 c:/iti intake 42/turkey/tools/arm gcc/bin/../lib/gcc/arm-none-eabi/5.4.1/../../../../arm-none-eabi/lib/armv7e-m\libg_nano.a(lib_a-nano-msizer.o)

.debug_str      0x00000000    0x991f8
 *(.debug_str)
 .debug_str     0x00000000     0x6d4e ./system/src/newlib/_exit.o
                               0x6ec0 (size before relaxing)
 .debug_str     0x00006d4e      0x4de ./system/src/newlib/_sbrk.o
                               0x62ab (size before relaxing)
 .debug_str     0x0000722c      0xc29 ./system/src/newlib/_startup.o
                               0x5ec6 (size before relaxing)
 .debug_str     0x00007e55      0xe18 ./system/src/newlib/_syscalls.o
                               0x710b (size before relaxing)
 .debug_str     0x00008c6d      0x890 ./system/src/diag/Trace.o
                               0x76b0 (size before relaxing)
 .debug_str     0x000094fd    0x8f8c8 ./system/src/diag/trace_impl.o
                              0x9786a (size before relaxing)
 .debug_str     0x00098dc5       0xc4 ./system/src/cortexm/_initialize_hardware.o
                              0x9664b (size before relaxing)
 .debug_str     0x00098e89      0x1a6 ./system/src/cortexm/exception_handlers.o
                              0x979f4 (size before relaxing)
 .debug_str     0x0009902f      0x162 ./system/src/cmsis/system_stm32f4xx.o
                              0x9672a (size before relaxing)
 .debug_str     0x00099191       0x59 ./system/src/cmsis/vectors_stm32f407xx.o
                               0x307d (size before relaxing)
 .debug_str     0x000991ea        0xe ./src/main.o
                               0x6180 (size before relaxing)

.debug_loc      0x00000000      0xaab
 *(.debug_loc)
 .debug_loc     0x00000000       0x82 ./system/src/newlib/_sbrk.o
 .debug_loc     0x00000082      0x36e ./system/src/newlib/_startup.o
 .debug_loc     0x000003f0       0x63 ./system/src/newlib/_syscalls.o
 .debug_loc     0x00000453      0x102 ./system/src/diag/Trace.o
 .debug_loc     0x00000555      0x17c ./system/src/diag/trace_impl.o
 .debug_loc     0x000006d1      0x2a8 ./system/src/cortexm/exception_handlers.o
 .debug_loc     0x00000979      0x132 ./system/src/cmsis/system_stm32f4xx.o

.debug_macinfo
 *(.debug_macinfo)

.debug_weaknames
 *(.debug_weaknames)

.debug_funcnames
 *(.debug_funcnames)

.debug_typenames
 *(.debug_typenames)

.debug_varnames
 *(.debug_varnames)
OUTPUT(RCC.elf elf32-littlearm)

.debug_ranges   0x00000000      0x1c0
 .debug_ranges  0x00000000       0x18 ./system/src/newlib/_exit.o
 .debug_ranges  0x00000018       0x10 ./system/src/newlib/_sbrk.o
 .debug_ranges  0x00000028       0x30 ./system/src/newlib/_startup.o
 .debug_ranges  0x00000058       0x20 ./system/src/newlib/_syscalls.o
 .debug_ranges  0x00000078       0x28 ./system/src/diag/Trace.o
 .debug_ranges  0x000000a0       0x38 ./system/src/diag/trace_impl.o
 .debug_ranges  0x000000d8       0x18 ./system/src/cortexm/_initialize_hardware.o
 .debug_ranges  0x000000f0       0x98 ./system/src/cortexm/exception_handlers.o
 .debug_ranges  0x00000188       0x18 ./system/src/cmsis/system_stm32f4xx.o
 .debug_ranges  0x000001a0       0x10 ./system/src/cmsis/vectors_stm32f407xx.o
 .debug_ranges  0x000001b0       0x10 ./src/main.o

.debug_macro    0x00000000     0x3398
 .debug_macro   0x00000000      0x19c ./system/src/newlib/_exit.o
 .debug_macro   0x0000019c      0x10e ./system/src/newlib/_exit.o
 .debug_macro   0x000002aa       0x8d ./system/src/newlib/_exit.o
 .debug_macro   0x00000337       0x35 ./system/src/newlib/_exit.o
 .debug_macro   0x0000036c      0x151 ./system/src/newlib/_sbrk.o
 .debug_macro   0x000004bd      0x174 ./system/src/newlib/_sbrk.o
 .debug_macro   0x00000631       0x10 ./system/src/newlib/_sbrk.o
 .debug_macro   0x00000641      0x23b ./system/src/newlib/_sbrk.o
 .debug_macro   0x0000087c      0x15b ./system/src/newlib/_startup.o
 .debug_macro   0x000009d7      0x89e ./system/src/newlib/_startup.o
 .debug_macro   0x00001275      0x1ff ./system/src/newlib/_syscalls.o
 .debug_macro   0x00001474       0x1c ./system/src/newlib/_syscalls.o
 .debug_macro   0x00001490       0x10 ./system/src/newlib/_syscalls.o
 .debug_macro   0x000014a0       0x10 ./system/src/newlib/_syscalls.o
 .debug_macro   0x000014b0       0x10 ./system/src/newlib/_syscalls.o
 .debug_macro   0x000014c0       0x35 ./system/src/newlib/_syscalls.o
 .debug_macro   0x000014f5      0x122 ./system/src/newlib/_syscalls.o
 .debug_macro   0x00001617       0x88 ./system/src/newlib/_syscalls.o
 .debug_macro   0x0000169f       0x2b ./system/src/newlib/_syscalls.o
 .debug_macro   0x000016ca      0x118 ./system/src/newlib/_syscalls.o
 .debug_macro   0x000017e2      0x159 ./system/src/newlib/_syscalls.o
 .debug_macro   0x0000193b       0x16 ./system/src/newlib/_syscalls.o
 .debug_macro   0x00001951      0x1d9 ./system/src/diag/Trace.o
 .debug_macro   0x00001b2a       0x4c ./system/src/diag/Trace.o
 .debug_macro   0x00001b76       0x16 ./system/src/diag/Trace.o
 .debug_macro   0x00001b8c      0x538 ./system/src/diag/trace_impl.o
 .debug_macro   0x000020c4       0x22 ./system/src/diag/trace_impl.o
 .debug_macro   0x000020e6      0x4fc ./system/src/cortexm/_initialize_hardware.o
 .debug_macro   0x000025e2      0x55b ./system/src/cortexm/exception_handlers.o
 .debug_macro   0x00002b3d       0x3b ./system/src/cortexm/exception_handlers.o
 .debug_macro   0x00002b78      0x4f8 ./system/src/cmsis/system_stm32f4xx.o
 .debug_macro   0x00003070       0x34 ./system/src/cmsis/vectors_stm32f407xx.o
 .debug_macro   0x000030a4      0x157 ./src/main.o
 .debug_macro   0x000031fb       0x10 ./src/main.o
 .debug_macro   0x0000320b       0xcf ./src/main.o
 .debug_macro   0x000032da       0xbe ./src/main.o
